                   06:01:00                 CTake Meter Readings                                                                              19e9f062-aadd-4b75-9208-287d23fd226100021
00090A             06:06:00                 PNY Voices - Sinfonia Gulf Coas   300000170534                                                    c90ad990-c6a2-480e-b26f-9f5941cdcfc700023
00215A             06:06:30                 Pgen copy - FPM - FPREN           300000170750                                                    f1eddabe-a3af-4a8d-9b75-062a8d5555e100024
00090A             06:49:35                 PNY Voices - Sinfonia Gulf Coas   300000170533                                                    87038867-42ad-4c26-87dc-e6eb1867958700030
00013A             06:50:05                 Pcopy 1 - Loyalty Credit Union    300000167338                                                    e5c761b2-524a-43a5-aaab-3d17c97277e200031
00021A             07:06:00                 Pcopy 2 - Chesser Barr Law Firm   300000164753                                                    0c600c5a-c2a0-4acd-89cc-bf8abc937b0e00035
00003A             07:06:30                 PCopy 3 - Baptist Healthcare      300000166678                                                    7bf4a532-5022-4633-9ea8-4d2836ecfd0a00036
00203A             07:49:35                 Pcopy 1 - TLC Caregiver           300000165079                                                    4c3e5807-e71a-4a49-9025-6b79cd730d7200043
00104A             08:06:00                 PCopy 1 - Juan's Flying Burrito   300000164446                                                    c05bfc41-1114-457a-afb2-64b66e4f410b00047
00022A             08:06:30                 PCopy 2 - Autumn Beck Blackledg   300000169934                                                    fef2ed50-85d0-46e1-8588-df084f79a74200048
00206A             08:19:00                 Pcopy 1 - Eastern Shore Chamber   300000169894                                                    96d12b9d-95e6-4f5e-bc3b-7c7c20958cd900050
                   08:31:00                 CTake Meter Readings                                                                              9d941a77-a6a1-4392-9012-07e4b30a7b9700052
00100A             08:42:30                 Pcar pool - Open Books            300000170082                                                    0af4d2a5-f37f-413a-81c6-02eacb6e202700055
00072A             08:43:00                 Pcar pool - End of Line Cafe      300000166143                                                    1afda515-bbcd-47e2-ac29-5e4f7b791b1400056
00111A             08:49:35                 PCopy 2 - Move Period             300000170015                                                    154b0e3b-9993-434a-b141-4967dce2b79400058
00246A             08:50:05                 PCopy 5 - Escambia County DOH     300000169583                                                    66cb53c5-8239-40d1-982b-b940231143e500059
                   09:38:30                 CPlay thru ENCO Fader                                                                             0ce82d3d-8224-4a08-be21-29cba9d29df800066
                   14:18:00                 CTake Meter Readings                                                                              f2e216b6-f635-42de-84c8-79719ac6f66d00090
00451A             14:58:00                 P1 - Natural Awakenings           300000167961                                                    60a75d95-28ac-4f34-af54-3c2401e5c4d700096
00215A             15:18:00                 Pgen copy - FPM - FPREN           300000170751                                                    edc89130-2bfa-498b-abbb-88421fe12e0000100
00047A             15:48:00                 Pcopy 1 - FPM - FL Power & Ligh   300000166035                                                    eedc7cec-0abc-4d0e-b84b-b360b7040d2c00104
00013A             16:18:00                 Pcopy 1 - Loyalty Credit Union    300000167462                                                    f0c427ae-f12a-4803-b4fb-8f99f01ff11200110
00122A             16:48:00                 PCopy 1 - Innisfree Jet Center    300000165428                                                    087e08e5-7df1-427d-be62-5c869317ec5500114
00214A             16:59:00                 Pcopy 1 - Alphastar Wealth Mana   300000170551                                                    54cde5f5-45b7-4719-85e8-d018b0bfd65700116
                   17:01:00                 CTake Meter Readings                                                                              25b4fa99-f38b-4e20-8c4f-3279d7ded5a400118
